#0 building with "desktop-linux" instance using docker driver

#1 [internal] load build definition from Dockerfile
#1 transferring dockerfile: 205B done
#1 DONE 0.0s

#2 [internal] load metadata for docker.io/library/golang:1.21-alpine
#2 DONE 0.0s

#3 [internal] load .dockerignore
#3 transferring context:
#3 transferring context: 101B done
#3 DONE 0.0s

#4 [1/6] FROM docker.io/library/golang:1.21-alpine@sha256:2414035b086e3c42b99654c8b26e6f5b1b1598080d65fd03c7f499552ff4dc94
#4 resolve docker.io/library/golang:1.21-alpine@sha256:2414035b086e3c42b99654c8b26e6f5b1b1598080d65fd03c7f499552ff4dc94 0.0s done
#4 DONE 0.0s

#5 [internal] load build context
#5 transferring context: 16.17kB 0.0s done
#5 DONE 0.0s

#6 [2/6] WORKDIR /src
#6 CACHED

#7 [3/6] COPY go.mod go.sum ./
#7 DONE 0.0s

#8 [4/6] RUN go mod download || true
#8 0.250 go: no module dependencies to download
#8 DONE 0.3s

#9 [5/6] COPY . .
#9 DONE 0.0s

#10 [6/6] RUN go build ./...
#10 DONE 6.3s

#11 exporting to image
#11 exporting layers
#11 exporting layers 1.3s done
#11 exporting manifest sha256:4f03de0c72ea128fa7b9de64113fbbf09e960883a97e7a64e9361b701a893459 done
#11 exporting config sha256:d967870b3297734da414bf6d184555cee926fe9f85ac451aace35c4e8647cdfc done
#11 exporting attestation manifest sha256:28a37c45c5c5993b989990928259c726f0bac0805a1a71b0cb6b213eaaa83de9 0.0s done
#11 exporting manifest list sha256:996eacfc6c29f3dabae14f6e06e378cb4ed5f7ab5f5d310fa44729080a8b6458 done
#11 naming to docker.io/library/slowquery-advisor:verify done
#11 unpacking to docker.io/library/slowquery-advisor:verify
#11 unpacking to docker.io/library/slowquery-advisor:verify 0.2s done
#11 DONE 1.6s
